HTTP/1.1 200 OK
Content-Length: 1004

Header1: Value1
Header2: Value2
Header3: Value3XewF/TToHZJ4PilCAPG3+uZEegiHspR5PdPudedT3Ns8rzgQl++QLEpvzt6nE2PvqxlCpbf1uKBWIj4lGRsdf2/m83GXg++5kW9KSNkF7Hkge4V+XIjQ97k1hXUrEBRqWlIxGOHlZWBn4bWgl5igssJZcX4oU47RV6kYGbMmlq2B7JhxgyKw5hy+JSlwG710+QNiRUpu2sz0HBfhJROuxyU5SfoQ0s70lKnoefnHp8kmCY3vDHc5hHA73Fg1YjENMFJ374RMoiJEDR1Lp/4qfvHImoGByql8y/MyIDUsu0NPq7XzgtxNMh0Rz7CNl4jsYzgFgFDOiBJmnoQSGSp7zJCTHvwocrkZpF/TFYeStX/sdX5uBV15mWoGnYQ+xyfPZ7921hPDoW5DJ6r3xKmY33HbjRpvIt05+39mw2OgiFiWHWkd7eSUR24TAEoY8z+2h5HtJghlDHAd18Cnp1Kmp0+bh3D8Rtczqtt+fEkNWnrylaC9X5xXXV57jgLO0DBmT2PcxrgdV/8S30jyTa5ynCIPo0YS7nebILeD3YIN+bQam22H7yfDM9cKjcolz6ZwNkU+ekIyMYO8jCZVGiK3VXDazlWIY8gtK2/16vKzYIXT7Ev6pRpq2DlblZoK+ejZ/D7wg2ZXhXg7BrxX1chbRxlzDQJDf7305PUqvP+0q871f20xBSOrjvqgW1kYX/40uP3nqhjSHgE/lMRcAijdPKzMOYEJ7x2fPBI7AINAjJ3NNuc/F+a6O3mkE2hb/GKhKIcZxnEZvq39O9prar96AFLU7ifhainf86MIfqakYsAvxqWNlCUMFttYKQBnhJyWDHytWr97iXtFJdmddsDSapa7ucBv4KaIrfLYGB/+Mxoxp7XJ4OgHG4xIBwgou7tnK9UDk5tCUuMchNG2emxWBKkMIgrp9e7WYHUijApqxDqrh/9rOUDGNnS8gmW