HTTP/1.1 200 OK
Content-Length: 1024

KjFEUf7cB0srKb2Tu6hGCYi9hPco8QpvHv3gGL+fYuIXNLPxLu6SuGEAFyCnkcefV3wPNvn79qJq
aZ4sBdVYU55fh6Zc3OYK2Y1JPuKFQ0PxcZGBFmwPeV1y9bKYiVn3eemlXFT9praDsbwOkN17cAlZ
Fj6eBLy8QbpWSPuYVstd3aWpghq11sV+lFLmI9xVVPetDHo0w9LcF7GWqTj1rlTxWHkOPbw6ec93
6Bm7LneJwZehf2d4E06qwtUziA0vsy7iCE5X9w7nY2FUGsyVkLkeiHLrx/2i9VABqRpuIulEQRbm
kx6m3aR399nFRMvJkhmMzFHF9etbqgmnkk4RlzuK2ZmWhxeAWEuOsxbYZ5lkw2MfW4ZRXVIsNJh9
28JROrul8PLs7S9dnSUq3lqmk/8rhawVB4FrKe5Y4NOTKN7o+lXqwcoR8TcRGLlxcdY2tYegsKhn
QtfRlUaw+HyYwigUAJfPCfC1BOBSX7i+nMADeAZHEaQaT4jaYd6Xp9O/PX9cSBm/PGXaCNg3vgb3
XeSOjnh4yWg2ZssEG4/Ns732pLvBrrYbjbYyX4hUE1yCwtPt8TiquXQ6mvT+VI595HQ315qPir2D
CzritZUAIf+Xlasc+4DldnuQeJhU5R/rlbKkxWZn1wQFwYp4FKlVRpCil/FIT6cmNUy9b/b5Li5a
xofDKoMd9D5oaUVV7F/UB24K2IUNfOhzqMxNUf0PyTBW9pRCrIS9IvE8qPLX4FStdcpJjZEAsiqb
uGEXkOEaFD3T8ux2w98xeGLSYW8Wc3de83Pvalv4dznp+Inb8T90VOVsOSlAaR4InzWUI/YNH/zK
U2uVyRzZO7Oz0DDgI1hO4wWK6MYuHkr9Dihhxv5SzbDW/kVjlxXuA+fKCoZo7k8R5wZGDTG+g5lJ
uZ/FOrnEY5Yw1CyKKaLx8tKnxbF3UTa+Luq6q72WK7JtaykUJZduCPUxUUUQvak1FCb4pwl3C0sA
6E+1WAWkqFLfRv2+e6zTsTx
HTTP/1.1 200 OK
Content-Length: 1024

KjFEUf7cB0srKb2Tu6hGCYi9hPco8QpvHv3gGL+fYuIXNLPxLu6SuGEAFyCnkcefV3wPNvn79qJq
aZ4sBdVYU55fh6Zc3OYK2Y1JPuKFQ0PxcZGBFmwPeV1y9bKYiVn3eemlXFT9praDsbwOkN17cAlZ
Fj6eBLy8QbpWSPuYVstd3aWpghq11sV+lFLmI9xVVPetDHo0w9LcF7GWqTj1rlTxWHkOPbw6ec93
6Bm7LneJwZehf2d4E06qwtUziA0vsy7iCE5X9w7nY2FUGsyVkLkeiHLrx/2i9VABqRpuIulEQRbm
kx6m3aR399nFRMvJkhmMzFHF9etbqgmnkk4RlzuK2ZmWhxeAWEuOsxbYZ5lkw2MfW4ZRXVIsNJh9
28JROrul8PLs7S9dnSUq3lqmk/8rhawVB4FrKe5Y4NOTKN7o+lXqwcoR8TcRGLlxcdY2tYegsKhn
QtfRlUaw+HyYwigUAJfPCfC1BOBSX7i+nMADeAZHEaQaT4jaYd6Xp9O/PX9cSBm/PGXaCNg3vgb3
XeSOjnh4yWg2ZssEG4/Ns732pLvBrrYbjbYyX4hUE1yCwtPt8TiquXQ6mvT+VI595HQ315qPir2D
CzritZUAIf+Xlasc+4DldnuQeJhU5R/rlbKkxWZn1wQFwYp4FKlVRpCil/FIT6cmNUy9b/b5Li5a
xofDKoMd9D5oaUVV7F/UB24K2IUNfOhzqMxNUf0PyTBW9pRCrIS9IvE8qPLX4FStdcpJjZEAsiqb
uGEXkOEaFD3T8ux2w98xeGLSYW8Wc3de83Pvalv4dznp+Inb8T90VOVsOSlAaR4InzWUI/YNH/zK
U2uVyRzZO7Oz0DDgI1hO4wWK6MYuHkr9Dihhxv5SzbDW/kVjlxXuA+fKCoZo7k8R5wZGDTG+g5lJ
uZ/FOrnEY5Yw1CyKKaLx8tKnxbF3UTa+Luq6q72WK7JtaykUJZduCPUxUUUQvak1FCb4pwl3C0sA
6E+1WAWkqFLfRv2+e6zTsTx