HTTP/1.1 200 OK
Content-Length: 76

Requests: 33
Header bytes: 1321
Body bytes: 22456
Errors: 8
Error bytes: 176
HTTP/1.1 200 OK
Content-Length: 77

Requests: 66
Header bytes: 2640
Body bytes: 43988
Errors: 16
Error bytes: 352
HTTP/1.1 200 OK
Content-Length: 77

Requests: 99
Header bytes: 3959
Body bytes: 65521
Errors: 24
Error bytes: 528
HTTP/1.1 200 OK
Content-Length: 78

Requests: 132
Header bytes: 5278
Body bytes: 87054
Errors: 32
Error bytes: 704
HTTP/1.1 200 OK
Content-Length: 79

Requests: 165
Header bytes: 6597
Body bytes: 108588
Errors: 40
Error bytes: 880
HTTP/1.1 200 OK
Content-Length: 80

Requests: 198
Header bytes: 7916
Body bytes: 130123
Errors: 48
Error bytes: 1056
HTTP/1.1 200 OK
Content-Length: 80

Requests: 231
Header bytes: 9235
Body bytes: 151659
Errors: 56
Error bytes: 1232
HTTP/1.1 200 OK
Content-Length: 81

Requests: 264
Header bytes: 10554
Body bytes: 173195
Errors: 64
Error bytes: 1408
HTTP/1.1 200 OK
Content-Length: 81

Requests: 297
Header bytes: 11873
Body bytes: 194732
Errors: 72
Error bytes: 1584
HTTP/1.1 200 OK
Content-Length: 81

Requests: 330
Header bytes: 13192
Body bytes: 216269
Errors: 80
Error bytes: 1760
HTTP/1.1 200 OK
Content-Length: 81

Requests: 363
Header bytes: 14511
Body bytes: 237806
Errors: 88
Error bytes: 1936
HTTP/1.1 200 OK
Content-Length: 81

Requests: 396
Header bytes: 15830
Body bytes: 259343
Errors: 96
Error bytes: 2112
HTTP/1.1 200 OK
Content-Length: 82

Requests: 429
Header bytes: 17149
Body bytes: 280880
Errors: 104
Error bytes: 2288
HTTP/1.1 200 OK
Content-Length: 82

Requests: 462
Header bytes: 18468
Body bytes: 302418
Errors: 112
Error bytes: 2464
HTTP/1.1 200 OK
Content-Length: 82

Requests: 495
Header bytes: 19787
Body bytes: 323956
Errors: 120
Error bytes: 2640
HTTP/1.1 200 OK
Content-Length: 82

Requests: 528
Header bytes: 21106
Body bytes: 345494
Errors: 128
Error bytes: 2816
HTTP/1.1 200 OK
Content-Length: 82

Requests: 561
Header bytes: 22425
Body bytes: 367032
Errors: 136
Error bytes: 2992
HTTP/1.1 200 OK
Content-Length: 82

Requests: 594
Header bytes: 23744
Body bytes: 388570
Errors: 144
Error bytes: 3168
HTTP/1.1 200 OK
Content-Length: 82

Requests: 627
Header bytes: 25063
Body bytes: 410108
Errors: 152
Error bytes: 3344
HTTP/1.1 200 OK
Content-Length: 82

Requests: 660
Header bytes: 26382
Body bytes: 431646
Errors: 160
Error bytes: 3520
HTTP/1.1 200 OK
Content-Length: 82

Requests: 693
Header bytes: 27701
Body bytes: 453184
Errors: 168
Error bytes: 3696
HTTP/1.1 200 OK
Content-Length: 82

Requests: 726
Header bytes: 29020
Body bytes: 474722
Errors: 176
Error bytes: 3872
HTTP/1.1 200 OK
Content-Length: 82

Requests: 759
Header bytes: 30339
Body bytes: 496260
Errors: 184
Error bytes: 4048
HTTP/1.1 200 OK
Content-Length: 82

Requests: 792
Header bytes: 31658
Body bytes: 517798
Errors: 192
Error bytes: 4224
HTTP/1.1 200 OK
Content-Length: 82

Requests: 825
Header bytes: 32977
Body bytes: 539336
Errors: 200
Error bytes: 4400
HTTP/1.1 200 OK
Content-Length: 82

Requests: 858
Header bytes: 34296
Body bytes: 560874
Errors: 208
Error bytes: 4576
HTTP/1.1 200 OK
Content-Length: 82

Requests: 891
Header bytes: 35615
Body bytes: 582412
Errors: 216
Error bytes: 4752
HTTP/1.1 200 OK
Content-Length: 82

Requests: 924
Header bytes: 36934
Body bytes: 603950
Errors: 224
Error bytes: 4928
HTTP/1.1 200 OK
Content-Length: 82

Requests: 957
Header bytes: 38253
Body bytes: 625488
Errors: 232
Error bytes: 5104
HTTP/1.1 200 OK
Content-Length: 82

Requests: 990
Header bytes: 39572
Body bytes: 647026
Errors: 240
Error bytes: 5280
HTTP/1.1 200 OK
Content-Length: 83

Requests: 1023
Header bytes: 40891
Body bytes: 668564
Errors: 248
Error bytes: 5456
HTTP/1.1 200 OK
Content-Length: 83

Requests: 1056
Header bytes: 42210
Body bytes: 690103
Errors: 256
Error bytes: 5632
HTTP/1.1 200 OK
Content-Length: 83

Requests: 1089
Header bytes: 43529
Body bytes: 711642
Errors: 264
Error bytes: 5808
HTTP/1.1 200 OK
Content-Length: 83

Requests: 1122
Header bytes: 44848
Body bytes: 733181
Errors: 272
Error bytes: 5984
HTTP/1.1 200 OK
Content-Length: 83

Requests: 1155
Header bytes: 46167
Body bytes: 754720
Errors: 280
Error bytes: 6160
HTTP/1.1 200 OK
Content-Length: 83

Requests: 1188
Header bytes: 47486
Body bytes: 776259
Errors: 288
Error bytes: 6336
HTTP/1.1 200 OK
Content-Length: 83

Requests: 1221
Header bytes: 48805
Body bytes: 797798
Errors: 296
Error bytes: 6512
HTTP/1.1 200 OK
Content-Length: 83

Requests: 1254
Header bytes: 50124
Body bytes: 819337
Errors: 304
Error bytes: 6688
HTTP/1.1 200 OK
Content-Length: 83

Requests: 1287
Header bytes: 51443
Body bytes: 840876
Errors: 312
Error bytes: 6864
HTTP/1.1 200 OK
Content-Length: 83

Requests: 1320
Header bytes: 52762
Body bytes: 862415
Errors: 320
Error bytes: 7040
HTTP/1.1 200 OK
Content-Length: 83

Requests: 1353
Header bytes: 54081
Body bytes: 883954
Errors: 328
Error bytes: 7216
HTTP/1.1 200 OK
Content-Length: 83

Requests: 1386
Header bytes: 55400
Body bytes: 905493
Errors: 336
Error bytes: 7392
HTTP/1.1 200 OK
Content-Length: 83

Requests: 1419
Header bytes: 56719
Body bytes: 927032
Errors: 344
Error bytes: 7568
HTTP/1.1 200 OK
Content-Length: 83

Requests: 1452
Header bytes: 58038
Body bytes: 948571
Errors: 352
Error bytes: 7744
HTTP/1.1 200 OK
Content-Length: 83

Requests: 1485
Header bytes: 59357
Body bytes: 970110
Errors: 360
Error bytes: 7920
HTTP/1.1 200 OK
Content-Length: 83

Requests: 1518
Header bytes: 60676
Body bytes: 991649
Errors: 368
Error bytes: 8096
HTTP/1.1 200 OK
Content-Length: 84

Requests: 1551
Header bytes: 61995
Body bytes: 1013188
Errors: 376
Error bytes: 8272
HTTP/1.1 200 OK
Content-Length: 84

Requests: 1584
Header bytes: 63314
Body bytes: 1034728
Errors: 384
Error bytes: 8448
HTTP/1.1 200 OK
Content-Length: 84

Requests: 1617
Header bytes: 64633
Body bytes: 1056268
Errors: 392
Error bytes: 8624
HTTP/1.1 200 OK
Content-Length: 84

Requests: 1650
Header bytes: 65952
Body bytes: 1077808
Errors: 400
Error bytes: 8800
HTTP/1.1 200 OK
Content-Length: 84

Requests: 1683
Header bytes: 67271
Body bytes: 1099348
Errors: 408
Error bytes: 8976
HTTP/1.1 200 OK
Content-Length: 84

Requests: 1716
Header bytes: 68590
Body bytes: 1120888
Errors: 416
Error bytes: 9152
HTTP/1.1 200 OK
Content-Length: 84

Requests: 1749
Header bytes: 69909
Body bytes: 1142428
Errors: 424
Error bytes: 9328
HTTP/1.1 200 OK
Content-Length: 84

Requests: 1782
Header bytes: 71228
Body bytes: 1163968
Errors: 432
Error bytes: 9504
HTTP/1.1 200 OK
Content-Length: 84

Requests: 1815
Header bytes: 72547
Body bytes: 1185508
Errors: 440
Error bytes: 9680
HTTP/1.1 200 OK
Content-Length: 84

Requests: 1848
Header bytes: 73866
Body bytes: 1207048
Errors: 448
Error bytes: 9856
HTTP/1.1 200 OK
Content-Length: 85

Requests: 1881
Header bytes: 75185
Body bytes: 1228588
Errors: 456
Error bytes: 10032
HTTP/1.1 200 OK
Content-Length: 85

Requests: 1914
Header bytes: 76504
Body bytes: 1250129
Errors: 464
Error bytes: 10208
HTTP/1.1 200 OK
Content-Length: 85

Requests: 1947
Header bytes: 77823
Body bytes: 1271670
Errors: 472
Error bytes: 10384
HTTP/1.1 200 OK
Content-Length: 85

Requests: 1980
Header bytes: 79142
Body bytes: 1293211
Errors: 480
Error bytes: 10560
HTTP/1.1 200 OK
Content-Length: 85

Requests: 2013
Header bytes: 80461
Body bytes: 1314752
Errors: 488
Error bytes: 10736
HTTP/1.1 200 OK
Content-Length: 85

Requests: 2046
Header bytes: 81780
Body bytes: 1336293
Errors: 496
Error bytes: 10912
HTTP/1.1 200 OK
Content-Length: 85

Requests: 2079
Header bytes: 83099
Body bytes: 1357834
Errors: 504
Error bytes: 11088
HTTP/1.1 200 OK
Content-Length: 85

Requests: 2112
Header bytes: 84418
Body bytes: 1379375
Errors: 512
Error bytes: 11264
HTTP/1.1 200 OK
Content-Length: 85

Requests: 2145
Header bytes: 85737
Body bytes: 1400916
Errors: 520
Error bytes: 11440
HTTP/1.1 200 OK
Content-Length: 85

Requests: 2178
Header bytes: 87056
Body bytes: 1422457
Errors: 528
Error bytes: 11616
HTTP/1.1 200 OK
Content-Length: 85

Requests: 2211
Header bytes: 88375
Body bytes: 1443998
Errors: 536
Error bytes: 11792
HTTP/1.1 200 OK
Content-Length: 85

Requests: 2244
Header bytes: 89694
Body bytes: 1465539
Errors: 544
Error bytes: 11968
HTTP/1.1 200 OK
Content-Length: 85

Requests: 2277
Header bytes: 91013
Body bytes: 1487080
Errors: 552
Error bytes: 12144
HTTP/1.1 200 OK
Content-Length: 85

Requests: 2310
Header bytes: 92332
Body bytes: 1508621
Errors: 560
Error bytes: 12320
HTTP/1.1 200 OK
Content-Length: 85

Requests: 2343
Header bytes: 93651
Body bytes: 1530162
Errors: 568
Error bytes: 12496
HTTP/1.1 200 OK
Content-Length: 85

Requests: 2376
Header bytes: 94970
Body bytes: 1551703
Errors: 576
Error bytes: 12672
HTTP/1.1 200 OK
Content-Length: 85

Requests: 2409
Header bytes: 96289
Body bytes: 1573244
Errors: 584
Error bytes: 12848
HTTP/1.1 200 OK
Content-Length: 85

Requests: 2442
Header bytes: 97608
Body bytes: 1594785
Errors: 592
Error bytes: 13024
HTTP/1.1 200 OK
Content-Length: 85

Requests: 2475
Header bytes: 98927
Body bytes: 1616326
Errors: 600
Error bytes: 13200
HTTP/1.1 200 OK
Content-Length: 86

Requests: 2508
Header bytes: 100246
Body bytes: 1637867
Errors: 608
Error bytes: 13376
HTTP/1.1 200 OK
Content-Length: 86

Requests: 2541
Header bytes: 101565
Body bytes: 1659409
Errors: 616
Error bytes: 13552
HTTP/1.1 200 OK
Content-Length: 86

Requests: 2574
Header bytes: 102884
Body bytes: 1680951
Errors: 624
Error bytes: 13728
HTTP/1.1 200 OK
Content-Length: 86

Requests: 2607
Header bytes: 104203
Body bytes: 1702493
Errors: 632
Error bytes: 13904
HTTP/1.1 200 OK
Content-Length: 86

Requests: 2640
Header bytes: 105522
Body bytes: 1724035
Errors: 640
Error bytes: 14080
HTTP/1.1 200 OK
Content-Length: 86

Requests: 2673
Header bytes: 106841
Body bytes: 1745577
Errors: 648
Error bytes: 14256
HTTP/1.1 200 OK
Content-Length: 86

Requests: 2706
Header bytes: 108160
Body bytes: 1767119
Errors: 656
Error bytes: 14432
HTTP/1.1 200 OK
Content-Length: 86

Requests: 2739
Header bytes: 109479
Body bytes: 1788661
Errors: 664
Error bytes: 14608
HTTP/1.1 200 OK
Content-Length: 86

Requests: 2772
Header bytes: 110798
Body bytes: 1810203
Errors: 672
Error bytes: 14784
HTTP/1.1 200 OK
Content-Length: 86

Requests: 2805
Header bytes: 112117
Body bytes: 1831745
Errors: 680
Error bytes: 14960
HTTP/1.1 200 OK
Content-Length: 86

Requests: 2838
Header bytes: 113436
Body bytes: 1853287
Errors: 688
Error bytes: 15136
HTTP/1.1 200 OK
Content-Length: 86

Requests: 2871
Header bytes: 114755
Body bytes: 1874829
Errors: 696
Error bytes: 15312
HTTP/1.1 200 OK
Content-Length: 86

Requests: 2904
Header bytes: 116074
Body bytes: 1896371
Errors: 704
Error bytes: 15488
HTTP/1.1 200 OK
Content-Length: 86

Requests: 2937
Header bytes: 117393
Body bytes: 1917913
Errors: 712
Error bytes: 15664
HTTP/1.1 200 OK
Content-Length: 86

Requests: 2970
Header bytes: 118712
Body bytes: 1939455
Errors: 720
Error bytes: 15840
HTTP/1.1 200 OK
Content-Length: 86

Requests: 3003
Header bytes: 120031
Body bytes: 1960997
Errors: 728
Error bytes: 16016
HTTP/1.1 200 OK
Content-Length: 86

Requests: 3036
Header bytes: 121350
Body bytes: 1982539
Errors: 736
Error bytes: 16192
HTTP/1.1 200 OK
Content-Length: 86

Requests: 3069
Header bytes: 122669
Body bytes: 2004081
Errors: 744
Error bytes: 16368
HTTP/1.1 200 OK
Content-Length: 86

Requests: 3102
Header bytes: 123988
Body bytes: 2025623
Errors: 752
Error bytes: 16544
HTTP/1.1 200 OK
Content-Length: 86

Requests: 3135
Header bytes: 125307
Body bytes: 2047165
Errors: 760
Error bytes: 16720
HTTP/1.1 200 OK
Content-Length: 86

Requests: 3168
Header bytes: 126626
Body bytes: 2068707
Errors: 768
Error bytes: 16896
HTTP/1.1 200 OK
Content-Length: 86

Requests: 3201
Header bytes: 127945
Body bytes: 2090249
Errors: 776
Error bytes: 17072
HTTP/1.1 200 OK
Content-Length: 86

Requests: 3234
Header bytes: 129264
Body bytes: 2111791
Errors: 784
Error bytes: 17248
HTTP/1.1 200 OK
Content-Length: 86

Requests: 3267
Header bytes: 130583
Body bytes: 2133333
Errors: 792
Error bytes: 17424
HTTP/1.1 200 OK
Content-Length: 86

Requests: 3300
Header bytes: 131902
Body bytes: 2154875
Errors: 800
Error bytes: 17600
HTTP/1.1 200 OK
Content-Length: 86

Requests: 3301
Header bytes: 131941
Body bytes: 2154961
Errors: 800
Error bytes: 17600
