HTTP/1.1 200 OK
Content-Length: 66

Requests: 0
Header bytes: 0
Body bytes: 0
Errors: 0
Error bytes: 0
HTTP/1.1 200 OK
Content-Length: 68

Requests: 1
Header bytes: 39
Body bytes: 66
Errors: 0
Error bytes: 0
HTTP/1.1 200 OK
Content-Length: 69

Requests: 2
Header bytes: 78
Body bytes: 134
Errors: 0
Error bytes: 0
HTTP/1.1 200 OK
Content-Length: 70

Requests: 3
Header bytes: 117
Body bytes: 203
Errors: 0
Error bytes: 0
HTTP/1.1 200 OK
Content-Length: 70

Requests: 4
Header bytes: 156
Body bytes: 273
Errors: 0
Error bytes: 0
HTTP/1.1 200 OK
Content-Length: 70

Requests: 6
Header bytes: 233
Body bytes: 347
Errors: 0
Error bytes: 0
HTTP/1.1 200 OK
Content-Length: 70

Requests: 8
Header bytes: 311
Body bytes: 476
Errors: 0
Error bytes: 0
HTTP/1.1 200 OK
Content-Length: 71

Requests: 10
Header bytes: 388
Body bytes: 550
Errors: 0
Error bytes: 0
HTTP/1.1 200 OK
Content-Length: 71

Requests: 12
Header bytes: 466
Body bytes: 680
Errors: 0
Error bytes: 0
HTTP/1.1 200 OK
Content-Length: 71

Requests: 14
Header bytes: 544
Body bytes: 810
Errors: 0
Error bytes: 0
HTTP/1.1 200 OK
Content-Length: 71

Requests: 16
Header bytes: 621
Body bytes: 888
Errors: 0
Error bytes: 0
HTTP/1.1 200 OK
Content-Length: 72

Requests: 18
Header bytes: 699
Body bytes: 1018
Errors: 0
Error bytes: 0
HTTP/1.1 200 OK
Content-Length: 72

Requests: 20
Header bytes: 778
Body bytes: 1559
Errors: 0
Error bytes: 0
HTTP/1.1 200 OK
Content-Length: 72

Requests: 22
Header bytes: 857
Body bytes: 1822
Errors: 0
Error bytes: 0
HTTP/1.1 200 OK
Content-Length: 72

Requests: 24
Header bytes: 937
Body bytes: 5130
Errors: 0
Error bytes: 0
HTTP/1.1 200 OK
Content-Length: 73

Requests: 25
Header bytes: 976
Body bytes: 5202
Errors: 1
Error bytes: 22
HTTP/1.1 200 OK
Content-Length: 74

Requests: 26
Header bytes: 1015
Body bytes: 5275
Errors: 2
Error bytes: 44
HTTP/1.1 200 OK
Content-Length: 74

Requests: 27
Header bytes: 1054
Body bytes: 5349
Errors: 3
Error bytes: 66
